// Vitest Snapshot v1, https://vitest.dev/guide/snapshot.html

exports[`inferência de schema (§8.3) > snapshot do IR 1`] = `
{
  "chatParticipants": [],
  "commands": [],
  "configs": [
    {
      "default": true,
      "id": "fx.enabled",
      "jsonType": "boolean",
      "key": "Fx.enabled",
      "loc": {
        "character": 12,
        "file": "union-and-array.ts",
        "line": 12,
      },
      "tsType": "boolean",
    },
    {
      "default": "x",
      "deprecationMessage": "use mode",
      "description": "antiga",
      "id": "fx.legacy",
      "jsonType": "string",
      "key": "Fx.legacy",
      "loc": {
        "character": 12,
        "file": "union-and-array.ts",
        "line": 15,
      },
      "tsType": "string",
    },
    {
      "default": "fast",
      "description": "modo de execução",
      "enum": [
        "fast",
        "slow",
      ],
      "id": "fx.mode",
      "jsonType": "string",
      "key": "Fx.mode",
      "loc": {
        "character": 12,
        "file": "union-and-array.ts",
        "line": 6,
      },
      "tsType": ""fast" | "slow"",
    },
    {
      "default": [
        "a",
        "b",
      ],
      "id": "fx.tags",
      "items": {
        "type": "string",
      },
      "jsonType": "array",
      "key": "Fx.tags",
      "loc": {
        "character": 12,
        "file": "union-and-array.ts",
        "line": 9,
      },
      "tsType": "string[]",
    },
  ],
  "contextKeys": [],
  "customEditors": [],
  "displayName": "fx",
  "events": [],
  "extensionClass": "Fx",
  "fileWatchers": [],
  "languages": [],
  "lmTools": [],
  "mcpProviders": [],
  "prefix": "fx",
  "secrets": [],
  "sourceFile": "union-and-array.ts",
  "statusBars": [],
  "treeViews": [],
  "version": 8,
  "viewContainers": [],
  "watches": [],
  "webviews": [],
}
`;
